// Jest Snapshot v1, https://goo.gl/fbAQLP

exports[`Pruebas en CounterApp Debe de hacer match con el snapshot 1`] = `
<div>
  <h1>
    Counter App
  </h1>
  <h2>
     
    10
     
  </h2>
  <button
    class="bg-blue-500 hover:bg-blue-700"
  >
    +1
  </button>
  <button>
    -1
  </button>
  <button
    aria-label="btn-reset"
  >
    Reset
  </button>
</div>
`;
