// Jest Snapshot v1, https://goo.gl/fbAQLP

exports[`Pruebas en FirstApp debe de hacer match con el container 1`] = `
<div>
  <h1
    data-testid="testTitle"
  >
    FirstApp Test
  </h1>
  <p>
    Parent element example
  </p>
</div>
`;
